===== System Info ====
Date: Sun Apr 12 09:45:08 UTC 2026
USer: shreya_salve21
Uptime:  09:45:08 up 17 min,  1 user,  load average: 0.00, 0.00, 0.00
Disk Usage: 
Filesystem      Size  Used Avail Use% Mounted on
none            1.9G     0  1.9G   0% /usr/lib/modules/6.6.87.2-microsoft-standard-WSL2
none            1.9G  4.0K  1.9G   1% /mnt/wsl
drivers         476G  188G  288G  40% /usr/lib/wsl/drivers
/dev/sdd       1007G  2.0G  954G   1% /
none            1.9G   72K  1.9G   1% /mnt/wslg
none            1.9G     0  1.9G   0% /usr/lib/wsl/lib
rootfs          1.9G  2.7M  1.9G   1% /init
none            1.9G  500K  1.9G   1% /run
none            1.9G     0  1.9G   0% /run/lock
none            1.9G     0  1.9G   0% /run/shm
none            1.9G   76K  1.9G   1% /mnt/wslg/versions.txt
none            1.9G   76K  1.9G   1% /mnt/wslg/doc
C:\             476G  188G  288G  40% /mnt/c
tmpfs           381M   20K  381M   1% /run/user/1000
Memory Usage: 
               total        used        free      shared  buff/cache   available
Mem:           3.7Gi       454Mi       2.9Gi       3.5Mi       483Mi       3.3Gi
Swap:          1.0Gi          0B       1.0Gi
===================
